// Jest Snapshot v1, https://goo.gl/fbAQLP

exports[`aa parse \`all\` 1`] = `
{
  "files": [
    {
      "chunks": [
        {
          "changes": [
            {
              "content": "newfile",
              "lineAfter": 1,
              "lineBefore": 1,
              "type": "UnchangedLine",
            },
            {
              "content": "newline",
              "lineBefore": 2,
              "type": "DeletedLine",
            },
          ],
          "context": undefined,
          "fromFileRange": {
            "lines": 2,
            "start": 1,
          },
          "toFileRange": {
            "lines": 1,
            "start": 1,
          },
          "type": "Chunk",
        },
      ],
      "path": "rename.md",
      "type": "ChangedFile",
    },
    {
      "chunks": [
        {
          "changes": [
            {
              "content": "newfile",
              "lineBefore": 1,
              "type": "DeletedLine",
            },
          ],
          "context": undefined,
          "fromFileRange": {
            "lines": 1,
            "start": 1,
          },
          "toFileRange": {
            "lines": 0,
            "start": 0,
          },
          "type": "Chunk",
        },
      ],
      "path": "newfile.md",
      "type": "DeletedFile",
    },
    {
      "chunks": [
        {
          "changes": [
            {
              "content": "newfile",
              "lineAfter": 1,
              "type": "AddedLine",
            },
          ],
          "context": undefined,
          "fromFileRange": {
            "lines": 0,
            "start": 0,
          },
          "toFileRange": {
            "lines": 1,
            "start": 1,
          },
          "type": "Chunk",
        },
      ],
      "path": "newfile.md",
      "type": "AddedFile",
    },
    {
      "chunks": [
        {
          "changes": [
            {
              "content": "newfile",
              "lineAfter": 1,
              "lineBefore": 1,
              "type": "UnchangedLine",
            },
            {
              "content": "newline",
              "lineAfter": 2,
              "type": "AddedLine",
            },
          ],
          "context": undefined,
          "fromFileRange": {
            "lines": 1,
            "start": 1,
          },
          "toFileRange": {
            "lines": 2,
            "start": 1,
          },
          "type": "Chunk",
        },
      ],
      "path": "rename.md",
      "type": "ChangedFile",
    },
    {
      "chunks": [],
      "pathAfter": "rename.md",
      "pathBefore": "newfile.md",
      "type": "RenamedFile",
    },
  ],
  "type": "GitDiff",
}
`;
