// Jest Snapshot v1, https://goo.gl/fbAQLP

exports[`conflict-file parse \`conflict-file\` 1`] = `
{
  "files": [
    {
      "chunks": [
        {
          "changes": [
            {
              "content": " npm install parse-git-diff",
              "lineAfter": 8,
              "lineBefore": 8,
              "type": "UnchangedLine",
            },
            {
              "content": " ",
              "lineAfter": 9,
              "lineBefore": 9,
              "type": "UnchangedLine",
            },
            {
              "content": " ",
              "lineAfter": 10,
              "lineBefore": 10,
              "type": "UnchangedLine",
            },
            {
              "content": "+<<<<<<< HEAD",
              "lineAfter": 11,
              "type": "AddedLine",
            },
            {
              "content": "+## a",
              "lineAfter": 12,
              "lineBefore": 11,
              "type": "UnchangedLine",
            },
            {
              "content": "+=======",
              "lineAfter": 13,
              "type": "AddedLine",
            },
            {
              "content": " ## b",
              "lineAfter": 14,
              "type": "AddedLine",
            },
            {
              "content": "+>>>>>>> branch-b",
              "lineAfter": 15,
              "type": "AddedLine",
            },
            {
              "content": " ",
              "lineAfter": 16,
              "lineBefore": 12,
              "type": "UnchangedLine",
            },
            {
              "content": " - [demo](https://yeonjuan.github.io/parse-git-diff/)",
              "lineAfter": 17,
              "lineBefore": 13,
              "type": "UnchangedLine",
            },
            {
              "content": " ",
              "lineAfter": 18,
              "lineBefore": 14,
              "type": "UnchangedLine",
            },
            {
              "content": " ",
              "lineAfter": 19,
              "lineBefore": 15,
              "type": "UnchangedLine",
            },
          ],
          "context": undefined,
          "fromFileRangeA": {
            "lines": 7,
            "start": 8,
          },
          "fromFileRangeB": {
            "lines": 7,
            "start": 8,
          },
          "toFileRange": {
            "lines": 11,
            "start": 8,
          },
          "type": "CombinedChunk",
        },
      ],
      "path": "README.md",
      "type": "ChangedFile",
    },
  ],
  "type": "GitDiff",
}
`;
